Símbolo         Valor Decimal   Valor Hexadecimal
-------         -------------   -----------------
X                         128                  80
Y                         129                  81
Z                         130                  82
N                         131                  83
A1                        132                  84
A0                        133                  85
B1                        134                  86
B0                        135                  87
C                         136                  88
D                         137                  89
TEMP1                     138                  8A
TEMP2                     139                  8B
TEMP3                     140                  8C
UM                        141                  8D
CO                        142                  8E
R1                         20                  14
CM                         24                  18
SC                         50                  32
CB                         58                  3A
CD                         70                  46
COC                        94                  5E
CC                        101                  65
MC                        123                  7B
QFIM                      159                  9F
FIN                       163                  A3
FIM                       173                  AD
