Símbolo         Valor Decimal   Valor Hexadecimal
-------         -------------   -----------------
IVET                    65470                FFBE
TIMDT                   65495                FFD7
INTS                    65496                FFD8
INTE                    65497                FFD9
TECST                   65498                FFDA
TECDT                   65499                FFDB
VISOR                   65500                FFDC
STACK                   32768                8000
END_OK1                     0                   0
END_ERROR1                  1                   1
CLEAR1                    256                 100
VISOR_OFF1                512                 200
VISOR_ON1                 513                 201
TEXT1                     768                 300
DELAY1                   1024                 400
COPY1                    1280                 500
PASTE1                   1281                 501
LOOP1                    1536                 600
INSTRUCOES                 25                  19
MAIN                    32768                8000
SETUP_INTERRUPTION      32768                8000
INSTRUCTION_LOOP        32802                8022
INVALID_INSTRUCTION     32864                8060
NEXT_INSTRUCTION        32868                8064
END_OK_JMP              32870                8066
END_ERROR_JMP           32874                806A
CLEAR_JMP               32878                806E
VISOR_OFF_JMP           32882                8072
VISOR_ON_JMP            32886                8076
TEXT_JMP                32890                807A
DELAY_JMP               32894                807E
COPY_JMP                32898                8082
PASTE_JMP               32902                8086
LOOP_JMP                32906                808A
END_OK                  32910                808E
END_ERROR               32915                8093
CLEAR                   32920                8098
CLEAR_LOOP              32938                80AA
CLEAR_END               32972                80CC
VISOR_OFF               32976                80D0
VISOR_OFF_LOOP          32984                80D8
VISOR_OFF_END           33008                80F0
TECLADOV                33018                80FA
VISOR_ON                33022                80FE
VISOR_ON_LOOP           33034                810A
VISOR_ON_END            33058                8122
TEXT                    33068                812C
TEXT_LOOP               33074                8132
VISOR_TEXTO_APAGADO     33100                814C
TEXT_END                33118                815E
DELAY                   33126                8166
DELAY_LOOP              33134                816E
DELAY_END               33166                818E
TECLADOD                33170                8192
COPY                    33174                8196
COPY_LOOP               33198                81AE
COPY_SKIP               33214                81BE
COPY_END                33222                81C6
PASTE                   33226                81CA
PASTE_LOOP              33238                81D6
VISOR_TEXTO_APAGADO1    33280                8200
PASTE_END               33286                8206
LOOP                    33300                8214
ISR                     33306                821A
ISR2                    33338                823A
ISRTEC                  33351                8247
ISRTEC_1                33365                8255
ISRTEC_FIM              33369                8259
TECLA                   33370                825A
SV                      33372                825C
BUFFER                  33373                825D
BUFFER_COPY             33409                8281
